get k0000000 = -
get k0000001 = k0000001
get k1000000 = k1000000
get k1000001 = -
range [] k0000000 k0000003 count=3
  k0000001 k0000001
  k0000002 k0000002
  k0000003 k0000003
range [) k0999998 k1000001 count=3
  k0999998 k0999998
  k0999999 k0999999
  k1000000 k1000000
range [] k1000000 k1000000 count=1
  k1000000 k1000000
range (] k0500000 k0500000 count=0
range [) k0500000 k0501000 count=1000
  k0500000 k0500000
  k0500001 k0500001
  k0500002 k0500002
  k0500003 k0500003
  k0500004 k0500004
  k0500005 k0500005
  k0500006 k0500006
  k0500007 k0500007
  k0500008 k0500008
  k0500009 k0500009
  k0500010 k0500010
  k0500011 k0500011
  k0500012 k0500012
  k0500013 k0500013
  k0500014 k0500014
  k0500015 k0500015
  k0500016 k0500016
  k0500017 k0500017
  k0500018 k0500018
  k0500019 k0500019
  k0500020 k0500020
  k0500021 k0500021
  k0500022 k0500022
  k0500023 k0500023
  k0500024 k0500024
  k0500025 k0500025
  k0500026 k0500026
  k0500027 k0500027
  k0500028 k0500028
  k0500029 k0500029
  k0500030 k0500030
  k0500031 k0500031
  k0500032 k0500032
  k0500033 k0500033
  k0500034 k0500034
  k0500035 k0500035
  k0500036 k0500036
  k0500037 k0500037
  k0500038 k0500038
  k0500039 k0500039
  k0500040 k0500040
  k0500041 k0500041
  k0500042 k0500042
  k0500043 k0500043
  k0500044 k0500044
  k0500045 k0500045
  k0500046 k0500046
  k0500047 k0500047
  k0500048 k0500048
  k0500049 k0500049
  k0500050 k0500050
  k0500051 k0500051
  k0500052 k0500052
  k0500053 k0500053
  k0500054 k0500054
  k0500055 k0500055
  k0500056 k0500056
  k0500057 k0500057
  k0500058 k0500058
  k0500059 k0500059
  k0500060 k0500060
  k0500061 k0500061
  k0500062 k0500062
  k0500063 k0500063
  k0500064 k0500064
  k0500065 k0500065
  k0500066 k0500066
  k0500067 k0500067
  k0500068 k0500068
  k0500069 k0500069
  k0500070 k0500070
  k0500071 k0500071
  k0500072 k0500072
  k0500073 k0500073
  k0500074 k0500074
  k0500075 k0500075
  k0500076 k0500076
  k0500077 k0500077
  k0500078 k0500078
  k0500079 k0500079
  k0500080 k0500080
  k0500081 k0500081
  k0500082 k0500082
  k0500083 k0500083
  k0500084 k0500084
  k0500085 k0500085
  k0500086 k0500086
  k0500087 k0500087
  k0500088 k0500088
  k0500089 k0500089
  k0500090 k0500090
  k0500091 k0500091
  k0500092 k0500092
  k0500093 k0500093
  k0500094 k0500094
  k0500095 k0500095
  k0500096 k0500096
  k0500097 k0500097
  k0500098 k0500098
  k0500099 k0500099
  k0500100 k0500100
  k0500101 k0500101
  k0500102 k0500102
  k0500103 k0500103
  k0500104 k0500104
  k0500105 k0500105
  k0500106 k0500106
  k0500107 k0500107
  k0500108 k0500108
  k0500109 k0500109
  k0500110 k0500110
  k0500111 k0500111
  k0500112 k0500112
  k0500113 k0500113
  k0500114 k0500114
  k0500115 k0500115
  k0500116 k0500116
  k0500117 k0500117
  k0500118 k0500118
  k0500119 k0500119
  k0500120 k0500120
  k0500121 k0500121
  k0500122 k0500122
  k0500123 k0500123
  k0500124 k0500124
  k0500125 k0500125
  k0500126 k0500126
  k0500127 k0500127
  k0500128 k0500128
  k0500129 k0500129
  k0500130 k0500130
  k0500131 k0500131
  k0500132 k0500132
  k0500133 k0500133
  k0500134 k0500134
  k0500135 k0500135
  k0500136 k0500136
  k0500137 k0500137
  k0500138 k0500138
  k0500139 k0500139
  k0500140 k0500140
  k0500141 k0500141
  k0500142 k0500142
  k0500143 k0500143
  k0500144 k0500144
  k0500145 k0500145
  k0500146 k0500146
  k0500147 k0500147
  k0500148 k0500148
  k0500149 k0500149
  k0500150 k0500150
  k0500151 k0500151
  k0500152 k0500152
  k0500153 k0500153
  k0500154 k0500154
  k0500155 k0500155
  k0500156 k0500156
  k0500157 k0500157
  k0500158 k0500158
  k0500159 k0500159
  k0500160 k0500160
  k0500161 k0500161
  k0500162 k0500162
  k0500163 k0500163
  k0500164 k0500164
  k0500165 k0500165
  k0500166 k0500166
  k0500167 k0500167
  k0500168 k0500168
  k0500169 k0500169
  k0500170 k0500170
  k0500171 k0500171
  k0500172 k0500172
  k0500173 k0500173
  k0500174 k0500174
  k0500175 k0500175
  k0500176 k0500176
  k0500177 k0500177
  k0500178 k0500178
  k0500179 k0500179
  k0500180 k0500180
  k0500181 k0500181
  k0500182 k0500182
  k0500183 k0500183
  k0500184 k0500184
  k0500185 k0500185
  k0500186 k0500186
  k0500187 k0500187
  k0500188 k0500188
  k0500189 k0500189
  k0500190 k0500190
  k0500191 k0500191
  k0500192 k0500192
  k0500193 k0500193
  k0500194 k0500194
  k0500195 k0500195
  k0500196 k0500196
  k0500197 k0500197
  k0500198 k0500198
  k0500199 k0500199
  k0500200 k0500200
  k0500201 k0500201
  k0500202 k0500202
  k0500203 k0500203
  k0500204 k0500204
  k0500205 k0500205
  k0500206 k0500206
  k0500207 k0500207
  k0500208 k0500208
  k0500209 k0500209
  k0500210 k0500210
  k0500211 k0500211
  k0500212 k0500212
  k0500213 k0500213
  k0500214 k0500214
  k0500215 k0500215
  k0500216 k0500216
  k0500217 k0500217
  k0500218 k0500218
  k0500219 k0500219
  k0500220 k0500220
  k0500221 k0500221
  k0500222 k0500222
  k0500223 k0500223
  k0500224 k0500224
  k0500225 k0500225
  k0500226 k0500226
  k0500227 k0500227
  k0500228 k0500228
  k0500229 k0500229
  k0500230 k0500230
  k0500231 k0500231
  k0500232 k0500232
  k0500233 k0500233
  k0500234 k0500234
  k0500235 k0500235
  k0500236 k0500236
  k0500237 k0500237
  k0500238 k0500238
  k0500239 k0500239
  k0500240 k0500240
  k0500241 k0500241
  k0500242 k0500242
  k0500243 k0500243
  k0500244 k0500244
  k0500245 k0500245
  k0500246 k0500246
  k0500247 k0500247
  k0500248 k0500248
  k0500249 k0500249
  k0500250 k0500250
  k0500251 k0500251
  k0500252 k0500252
  k0500253 k0500253
  k0500254 k0500254
  k0500255 k0500255
  k0500256 k0500256
  k0500257 k0500257
  k0500258 k0500258
  k0500259 k0500259
  k0500260 k0500260
  k0500261 k0500261
  k0500262 k0500262
  k0500263 k0500263
  k0500264 k0500264
  k0500265 k0500265
  k0500266 k0500266
  k0500267 k0500267
  k0500268 k0500268
  k0500269 k0500269
  k0500270 k0500270
  k0500271 k0500271
  k0500272 k0500272
  k0500273 k0500273
  k0500274 k0500274
  k0500275 k0500275
  k0500276 k0500276
  k0500277 k0500277
  k0500278 k0500278
  k0500279 k0500279
  k0500280 k0500280
  k0500281 k0500281
  k0500282 k0500282
  k0500283 k0500283
  k0500284 k0500284
  k0500285 k0500285
  k0500286 k0500286
  k0500287 k0500287
  k0500288 k0500288
  k0500289 k0500289
  k0500290 k0500290
  k0500291 k0500291
  k0500292 k0500292
  k0500293 k0500293
  k0500294 k0500294
  k0500295 k0500295
  k0500296 k0500296
  k0500297 k0500297
  k0500298 k0500298
  k0500299 k0500299
  k0500300 k0500300
  k0500301 k0500301
  k0500302 k0500302
  k0500303 k0500303
  k0500304 k0500304
  k0500305 k0500305
  k0500306 k0500306
  k0500307 k0500307
  k0500308 k0500308
  k0500309 k0500309
  k0500310 k0500310
  k0500311 k0500311
  k0500312 k0500312
  k0500313 k0500313
  k0500314 k0500314
  k0500315 k0500315
  k0500316 k0500316
  k0500317 k0500317
  k0500318 k0500318
  k0500319 k0500319
  k0500320 k0500320
  k0500321 k0500321
  k0500322 k0500322
  k0500323 k0500323
  k0500324 k0500324
  k0500325 k0500325
  k0500326 k0500326
  k0500327 k0500327
  k0500328 k0500328
  k0500329 k0500329
  k0500330 k0500330
  k0500331 k0500331
  k0500332 k0500332
  k0500333 k0500333
  k0500334 k0500334
  k0500335 k0500335
  k0500336 k0500336
  k0500337 k0500337
  k0500338 k0500338
  k0500339 k0500339
  k0500340 k0500340
  k0500341 k0500341
  k0500342 k0500342
  k0500343 k0500343
  k0500344 k0500344
  k0500345 k0500345
  k0500346 k0500346
  k0500347 k0500347
  k0500348 k0500348
  k0500349 k0500349
  k0500350 k0500350
  k0500351 k0500351
  k0500352 k0500352
  k0500353 k0500353
  k0500354 k0500354
  k0500355 k0500355
  k0500356 k0500356
  k0500357 k0500357
  k0500358 k0500358
  k0500359 k0500359
  k0500360 k0500360
  k0500361 k0500361
  k0500362 k0500362
  k0500363 k0500363
  k0500364 k0500364
  k0500365 k0500365
  k0500366 k0500366
  k0500367 k0500367
  k0500368 k0500368
  k0500369 k0500369
  k0500370 k0500370
  k0500371 k0500371
  k0500372 k0500372
  k0500373 k0500373
  k0500374 k0500374
  k0500375 k0500375
  k0500376 k0500376
  k0500377 k0500377
  k0500378 k0500378
  k0500379 k0500379
  k0500380 k0500380
  k0500381 k0500381
  k0500382 k0500382
  k0500383 k0500383
  k0500384 k0500384
  k0500385 k0500385
  k0500386 k0500386
  k0500387 k0500387
  k0500388 k0500388
  k0500389 k0500389
  k0500390 k0500390
  k0500391 k0500391
  k0500392 k0500392
  k0500393 k0500393
  k0500394 k0500394
  k0500395 k0500395
  k0500396 k0500396
  k0500397 k0500397
  k0500398 k0500398
  k0500399 k0500399
  k0500400 k0500400
  k0500401 k0500401
  k0500402 k0500402
  k0500403 k0500403
  k0500404 k0500404
  k0500405 k0500405
  k0500406 k0500406
  k0500407 k0500407
  k0500408 k0500408
  k0500409 k0500409
  k0500410 k0500410
  k0500411 k0500411
  k0500412 k0500412
  k0500413 k0500413
  k0500414 k0500414
  k0500415 k0500415
  k0500416 k0500416
  k0500417 k0500417
  k0500418 k0500418
  k0500419 k0500419
  k0500420 k0500420
  k0500421 k0500421
  k0500422 k0500422
  k0500423 k0500423
  k0500424 k0500424
  k0500425 k0500425
  k0500426 k0500426
  k0500427 k0500427
  k0500428 k0500428
  k0500429 k0500429
  k0500430 k0500430
  k0500431 k0500431
  k0500432 k0500432
  k0500433 k0500433
  k0500434 k0500434
  k0500435 k0500435
  k0500436 k0500436
  k0500437 k0500437
  k0500438 k0500438
  k0500439 k0500439
  k0500440 k0500440
  k0500441 k0500441
  k0500442 k0500442
  k0500443 k0500443
  k0500444 k0500444
  k0500445 k0500445
  k0500446 k0500446
  k0500447 k0500447
  k0500448 k0500448
  k0500449 k0500449
  k0500450 k0500450
  k0500451 k0500451
  k0500452 k0500452
  k0500453 k0500453
  k0500454 k0500454
  k0500455 k0500455
  k0500456 k0500456
  k0500457 k0500457
  k0500458 k0500458
  k0500459 k0500459
  k0500460 k0500460
  k0500461 k0500461
  k0500462 k0500462
  k0500463 k0500463
  k0500464 k0500464
  k0500465 k0500465
  k0500466 k0500466
  k0500467 k0500467
  k0500468 k0500468
  k0500469 k0500469
  k0500470 k0500470
  k0500471 k0500471
  k0500472 k0500472
  k0500473 k0500473
  k0500474 k0500474
  k0500475 k0500475
  k0500476 k0500476
  k0500477 k0500477
  k0500478 k0500478
  k0500479 k0500479
  k0500480 k0500480
  k0500481 k0500481
  k0500482 k0500482
  k0500483 k0500483
  k0500484 k0500484
  k0500485 k0500485
  k0500486 k0500486
  k0500487 k0500487
  k0500488 k0500488
  k0500489 k0500489
  k0500490 k0500490
  k0500491 k0500491
  k0500492 k0500492
  k0500493 k0500493
  k0500494 k0500494
  k0500495 k0500495
  k0500496 k0500496
  k0500497 k0500497
  k0500498 k0500498
  k0500499 k0500499
  k0500500 k0500500
  k0500501 k0500501
  k0500502 k0500502
  k0500503 k0500503
  k0500504 k0500504
  k0500505 k0500505
  k0500506 k0500506
  k0500507 k0500507
  k0500508 k0500508
  k0500509 k0500509
  k0500510 k0500510
  k0500511 k0500511
  k0500512 k0500512
  k0500513 k0500513
  k0500514 k0500514
  k0500515 k0500515
  k0500516 k0500516
  k0500517 k0500517
  k0500518 k0500518
  k0500519 k0500519
  k0500520 k0500520
  k0500521 k0500521
  k0500522 k0500522
  k0500523 k0500523
  k0500524 k0500524
  k0500525 k0500525
  k0500526 k0500526
  k0500527 k0500527
  k0500528 k0500528
  k0500529 k0500529
  k0500530 k0500530
  k0500531 k0500531
  k0500532 k0500532
  k0500533 k0500533
  k0500534 k0500534
  k0500535 k0500535
  k0500536 k0500536
  k0500537 k0500537
  k0500538 k0500538
  k0500539 k0500539
  k0500540 k0500540
  k0500541 k0500541
  k0500542 k0500542
  k0500543 k0500543
  k0500544 k0500544
  k0500545 k0500545
  k0500546 k0500546
  k0500547 k0500547
  k0500548 k0500548
  k0500549 k0500549
  k0500550 k0500550
  k0500551 k0500551
  k0500552 k0500552
  k0500553 k0500553
  k0500554 k0500554
  k0500555 k0500555
  k0500556 k0500556
  k0500557 k0500557
  k0500558 k0500558
  k0500559 k0500559
  k0500560 k0500560
  k0500561 k0500561
  k0500562 k0500562
  k0500563 k0500563
  k0500564 k0500564
  k0500565 k0500565
  k0500566 k0500566
  k0500567 k0500567
  k0500568 k0500568
  k0500569 k0500569
  k0500570 k0500570
  k0500571 k0500571
  k0500572 k0500572
  k0500573 k0500573
  k0500574 k0500574
  k0500575 k0500575
  k0500576 k0500576
  k0500577 k0500577
  k0500578 k0500578
  k0500579 k0500579
  k0500580 k0500580
  k0500581 k0500581
  k0500582 k0500582
  k0500583 k0500583
  k0500584 k0500584
  k0500585 k0500585
  k0500586 k0500586
  k0500587 k0500587
  k0500588 k0500588
  k0500589 k0500589
  k0500590 k0500590
  k0500591 k0500591
  k0500592 k0500592
  k0500593 k0500593
  k0500594 k0500594
  k0500595 k0500595
  k0500596 k0500596
  k0500597 k0500597
  k0500598 k0500598
  k0500599 k0500599
  k0500600 k0500600
  k0500601 k0500601
  k0500602 k0500602
  k0500603 k0500603
  k0500604 k0500604
  k0500605 k0500605
  k0500606 k0500606
  k0500607 k0500607
  k0500608 k0500608
  k0500609 k0500609
  k0500610 k0500610
  k0500611 k0500611
  k0500612 k0500612
  k0500613 k0500613
  k0500614 k0500614
  k0500615 k0500615
  k0500616 k0500616
  k0500617 k0500617
  k0500618 k0500618
  k0500619 k0500619
  k0500620 k0500620
  k0500621 k0500621
  k0500622 k0500622
  k0500623 k0500623
  k0500624 k0500624
  k0500625 k0500625
  k0500626 k0500626
  k0500627 k0500627
  k0500628 k0500628
  k0500629 k0500629
  k0500630 k0500630
  k0500631 k0500631
  k0500632 k0500632
  k0500633 k0500633
  k0500634 k0500634
  k0500635 k0500635
  k0500636 k0500636
  k0500637 k0500637
  k0500638 k0500638
  k0500639 k0500639
  k0500640 k0500640
  k0500641 k0500641
  k0500642 k0500642
  k0500643 k0500643
  k0500644 k0500644
  k0500645 k0500645
  k0500646 k0500646
  k0500647 k0500647
  k0500648 k0500648
  k0500649 k0500649
  k0500650 k0500650
  k0500651 k0500651
  k0500652 k0500652
  k0500653 k0500653
  k0500654 k0500654
  k0500655 k0500655
  k0500656 k0500656
  k0500657 k0500657
  k0500658 k0500658
  k0500659 k0500659
  k0500660 k0500660
  k0500661 k0500661
  k0500662 k0500662
  k0500663 k0500663
  k0500664 k0500664
  k0500665 k0500665
  k0500666 k0500666
  k0500667 k0500667
  k0500668 k0500668
  k0500669 k0500669
  k0500670 k0500670
  k0500671 k0500671
  k0500672 k0500672
  k0500673 k0500673
  k0500674 k0500674
  k0500675 k0500675
  k0500676 k0500676
  k0500677 k0500677
  k0500678 k0500678
  k0500679 k0500679
  k0500680 k0500680
  k0500681 k0500681
  k0500682 k0500682
  k0500683 k0500683
  k0500684 k0500684
  k0500685 k0500685
  k0500686 k0500686
  k0500687 k0500687
  k0500688 k0500688
  k0500689 k0500689
  k0500690 k0500690
  k0500691 k0500691
  k0500692 k0500692
  k0500693 k0500693
  k0500694 k0500694
  k0500695 k0500695
  k0500696 k0500696
  k0500697 k0500697
  k0500698 k0500698
  k0500699 k0500699
  k0500700 k0500700
  k0500701 k0500701
  k0500702 k0500702
  k0500703 k0500703
  k0500704 k0500704
  k0500705 k0500705
  k0500706 k0500706
  k0500707 k0500707
  k0500708 k0500708
  k0500709 k0500709
  k0500710 k0500710
  k0500711 k0500711
  k0500712 k0500712
  k0500713 k0500713
  k0500714 k0500714
  k0500715 k0500715
  k0500716 k0500716
  k0500717 k0500717
  k0500718 k0500718
  k0500719 k0500719
  k0500720 k0500720
  k0500721 k0500721
  k0500722 k0500722
  k0500723 k0500723
  k0500724 k0500724
  k0500725 k0500725
  k0500726 k0500726
  k0500727 k0500727
  k0500728 k0500728
  k0500729 k0500729
  k0500730 k0500730
  k0500731 k0500731
  k0500732 k0500732
  k0500733 k0500733
  k0500734 k0500734
  k0500735 k0500735
  k0500736 k0500736
  k0500737 k0500737
  k0500738 k0500738
  k0500739 k0500739
  k0500740 k0500740
  k0500741 k0500741
  k0500742 k0500742
  k0500743 k0500743
  k0500744 k0500744
  k0500745 k0500745
  k0500746 k0500746
  k0500747 k0500747
  k0500748 k0500748
  k0500749 k0500749
  k0500750 k0500750
  k0500751 k0500751
  k0500752 k0500752
  k0500753 k0500753
  k0500754 k0500754
  k0500755 k0500755
  k0500756 k0500756
  k0500757 k0500757
  k0500758 k0500758
  k0500759 k0500759
  k0500760 k0500760
  k0500761 k0500761
  k0500762 k0500762
  k0500763 k0500763
  k0500764 k0500764
  k0500765 k0500765
  k0500766 k0500766
  k0500767 k0500767
  k0500768 k0500768
  k0500769 k0500769
  k0500770 k0500770
  k0500771 k0500771
  k0500772 k0500772
  k0500773 k0500773
  k0500774 k0500774
  k0500775 k0500775
  k0500776 k0500776
  k0500777 k0500777
  k0500778 k0500778
  k0500779 k0500779
  k0500780 k0500780
  k0500781 k0500781
  k0500782 k0500782
  k0500783 k0500783
  k0500784 k0500784
  k0500785 k0500785
  k0500786 k0500786
  k0500787 k0500787
  k0500788 k0500788
  k0500789 k0500789
  k0500790 k0500790
  k0500791 k0500791
  k0500792 k0500792
  k0500793 k0500793
  k0500794 k0500794
  k0500795 k0500795
  k0500796 k0500796
  k0500797 k0500797
  k0500798 k0500798
  k0500799 k0500799
  k0500800 k0500800
  k0500801 k0500801
  k0500802 k0500802
  k0500803 k0500803
  k0500804 k0500804
  k0500805 k0500805
  k0500806 k0500806
  k0500807 k0500807
  k0500808 k0500808
  k0500809 k0500809
  k0500810 k0500810
  k0500811 k0500811
  k0500812 k0500812
  k0500813 k0500813
  k0500814 k0500814
  k0500815 k0500815
  k0500816 k0500816
  k0500817 k0500817
  k0500818 k0500818
  k0500819 k0500819
  k0500820 k0500820
  k0500821 k0500821
  k0500822 k0500822
  k0500823 k0500823
  k0500824 k0500824
  k0500825 k0500825
  k0500826 k0500826
  k0500827 k0500827
  k0500828 k0500828
  k0500829 k0500829
  k0500830 k0500830
  k0500831 k0500831
  k0500832 k0500832
  k0500833 k0500833
  k0500834 k0500834
  k0500835 k0500835
  k0500836 k0500836
  k0500837 k0500837
  k0500838 k0500838
  k0500839 k0500839
  k0500840 k0500840
  k0500841 k0500841
  k0500842 k0500842
  k0500843 k0500843
  k0500844 k0500844
  k0500845 k0500845
  k0500846 k0500846
  k0500847 k0500847
  k0500848 k0500848
  k0500849 k0500849
  k0500850 k0500850
  k0500851 k0500851
  k0500852 k0500852
  k0500853 k0500853
  k0500854 k0500854
  k0500855 k0500855
  k0500856 k0500856
  k0500857 k0500857
  k0500858 k0500858
  k0500859 k0500859
  k0500860 k0500860
  k0500861 k0500861
  k0500862 k0500862
  k0500863 k0500863
  k0500864 k0500864
  k0500865 k0500865
  k0500866 k0500866
  k0500867 k0500867
  k0500868 k0500868
  k0500869 k0500869
  k0500870 k0500870
  k0500871 k0500871
  k0500872 k0500872
  k0500873 k0500873
  k0500874 k0500874
  k0500875 k0500875
  k0500876 k0500876
  k0500877 k0500877
  k0500878 k0500878
  k0500879 k0500879
  k0500880 k0500880
  k0500881 k0500881
  k0500882 k0500882
  k0500883 k0500883
  k0500884 k0500884
  k0500885 k0500885
  k0500886 k0500886
  k0500887 k0500887
  k0500888 k0500888
  k0500889 k0500889
  k0500890 k0500890
  k0500891 k0500891
  k0500892 k0500892
  k0500893 k0500893
  k0500894 k0500894
  k0500895 k0500895
  k0500896 k0500896
  k0500897 k0500897
  k0500898 k0500898
  k0500899 k0500899
  k0500900 k0500900
  k0500901 k0500901
  k0500902 k0500902
  k0500903 k0500903
  k0500904 k0500904
  k0500905 k0500905
  k0500906 k0500906
  k0500907 k0500907
  k0500908 k0500908
  k0500909 k0500909
  k0500910 k0500910
  k0500911 k0500911
  k0500912 k0500912
  k0500913 k0500913
  k0500914 k0500914
  k0500915 k0500915
  k0500916 k0500916
  k0500917 k0500917
  k0500918 k0500918
  k0500919 k0500919
  k0500920 k0500920
  k0500921 k0500921
  k0500922 k0500922
  k0500923 k0500923
  k0500924 k0500924
  k0500925 k0500925
  k0500926 k0500926
  k0500927 k0500927
  k0500928 k0500928
  k0500929 k0500929
  k0500930 k0500930
  k0500931 k0500931
  k0500932 k0500932
  k0500933 k0500933
  k0500934 k0500934
  k0500935 k0500935
  k0500936 k0500936
  k0500937 k0500937
  k0500938 k0500938
  k0500939 k0500939
  k0500940 k0500940
  k0500941 k0500941
  k0500942 k0500942
  k0500943 k0500943
  k0500944 k0500944
  k0500945 k0500945
  k0500946 k0500946
  k0500947 k0500947
  k0500948 k0500948
  k0500949 k0500949
  k0500950 k0500950
  k0500951 k0500951
  k0500952 k0500952
  k0500953 k0500953
  k0500954 k0500954
  k0500955 k0500955
  k0500956 k0500956
  k0500957 k0500957
  k0500958 k0500958
  k0500959 k0500959
  k0500960 k0500960
  k0500961 k0500961
  k0500962 k0500962
  k0500963 k0500963
  k0500964 k0500964
  k0500965 k0500965
  k0500966 k0500966
  k0500967 k0500967
  k0500968 k0500968
  k0500969 k0500969
  k0500970 k0500970
  k0500971 k0500971
  k0500972 k0500972
  k0500973 k0500973
  k0500974 k0500974
  k0500975 k0500975
  k0500976 k0500976
  k0500977 k0500977
  k0500978 k0500978
  k0500979 k0500979
  k0500980 k0500980
  k0500981 k0500981
  k0500982 k0500982
  k0500983 k0500983
  k0500984 k0500984
  k0500985 k0500985
  k0500986 k0500986
  k0500987 k0500987
  k0500988 k0500988
  k0500989 k0500989
  k0500990 k0500990
  k0500991 k0500991
  k0500992 k0500992
  k0500993 k0500993
  k0500994 k0500994
  k0500995 k0500995
  k0500996 k0500996
  k0500997 k0500997
  k0500998 k0500998
  k0500999 k0500999
range [) k0000001 k0000004 count=3
  k0000001 k0000001
  k0000002 k0000002
  k0000003 k0000003
range [) k0009974 k0009977 count=3
  k0009974 k0009974
  k0009975 k0009975
  k0009976 k0009976
range [) k0019947 k0019950 count=3
  k0019947 k0019947
  k0019948 k0019948
  k0019949 k0019949
range [) k0029920 k0029923 count=3
  k0029920 k0029920
  k0029921 k0029921
  k0029922 k0029922
range [) k0039893 k0039896 count=3
  k0039893 k0039893
  k0039894 k0039894
  k0039895 k0039895
range [) k0049866 k0049869 count=3
  k0049866 k0049866
  k0049867 k0049867
  k0049868 k0049868
range [) k0059839 k0059842 count=3
  k0059839 k0059839
  k0059840 k0059840
  k0059841 k0059841
range [) k0069812 k0069815 count=3
  k0069812 k0069812
  k0069813 k0069813
  k0069814 k0069814
range [) k0079785 k0079788 count=3
  k0079785 k0079785
  k0079786 k0079786
  k0079787 k0079787
range [) k0089758 k0089761 count=3
  k0089758 k0089758
  k0089759 k0089759
  k0089760 k0089760
range [) k0099731 k0099734 count=3
  k0099731 k0099731
  k0099732 k0099732
  k0099733 k0099733
range [) k0109704 k0109707 count=3
  k0109704 k0109704
  k0109705 k0109705
  k0109706 k0109706
range [) k0119677 k0119680 count=3
  k0119677 k0119677
  k0119678 k0119678
  k0119679 k0119679
range [) k0129650 k0129653 count=3
  k0129650 k0129650
  k0129651 k0129651
  k0129652 k0129652
range [) k0139623 k0139626 count=3
  k0139623 k0139623
  k0139624 k0139624
  k0139625 k0139625
range [) k0149596 k0149599 count=3
  k0149596 k0149596
  k0149597 k0149597
  k0149598 k0149598
range [) k0159569 k0159572 count=3
  k0159569 k0159569
  k0159570 k0159570
  k0159571 k0159571
range [) k0169542 k0169545 count=3
  k0169542 k0169542
  k0169543 k0169543
  k0169544 k0169544
range [) k0179515 k0179518 count=3
  k0179515 k0179515
  k0179516 k0179516
  k0179517 k0179517
range [) k0189488 k0189491 count=3
  k0189488 k0189488
  k0189489 k0189489
  k0189490 k0189490
range [) k0199461 k0199464 count=3
  k0199461 k0199461
  k0199462 k0199462
  k0199463 k0199463
range [) k0209434 k0209437 count=3
  k0209434 k0209434
  k0209435 k0209435
  k0209436 k0209436
range [) k0219407 k0219410 count=3
  k0219407 k0219407
  k0219408 k0219408
  k0219409 k0219409
range [) k0229380 k0229383 count=3
  k0229380 k0229380
  k0229381 k0229381
  k0229382 k0229382
range [) k0239353 k0239356 count=3
  k0239353 k0239353
  k0239354 k0239354
  k0239355 k0239355
range [) k0249326 k0249329 count=3
  k0249326 k0249326
  k0249327 k0249327
  k0249328 k0249328
range [) k0259299 k0259302 count=3
  k0259299 k0259299
  k0259300 k0259300
  k0259301 k0259301
range [) k0269272 k0269275 count=3
  k0269272 k0269272
  k0269273 k0269273
  k0269274 k0269274
range [) k0279245 k0279248 count=3
  k0279245 k0279245
  k0279246 k0279246
  k0279247 k0279247
range [) k0289218 k0289221 count=3
  k0289218 k0289218
  k0289219 k0289219
  k0289220 k0289220
range [) k0299191 k0299194 count=3
  k0299191 k0299191
  k0299192 k0299192
  k0299193 k0299193
range [) k0309164 k0309167 count=3
  k0309164 k0309164
  k0309165 k0309165
  k0309166 k0309166
range [) k0319137 k0319140 count=3
  k0319137 k0319137
  k0319138 k0319138
  k0319139 k0319139
range [) k0329110 k0329113 count=3
  k0329110 k0329110
  k0329111 k0329111
  k0329112 k0329112
range [) k0339083 k0339086 count=3
  k0339083 k0339083
  k0339084 k0339084
  k0339085 k0339085
range [) k0349056 k0349059 count=3
  k0349056 k0349056
  k0349057 k0349057
  k0349058 k0349058
range [) k0359029 k0359032 count=3
  k0359029 k0359029
  k0359030 k0359030
  k0359031 k0359031
range [) k0369002 k0369005 count=3
  k0369002 k0369002
  k0369003 k0369003
  k0369004 k0369004
range [) k0378975 k0378978 count=3
  k0378975 k0378975
  k0378976 k0378976
  k0378977 k0378977
range [) k0388948 k0388951 count=3
  k0388948 k0388948
  k0388949 k0388949
  k0388950 k0388950
range [) k0398921 k0398924 count=3
  k0398921 k0398921
  k0398922 k0398922
  k0398923 k0398923
range [) k0408894 k0408897 count=3
  k0408894 k0408894
  k0408895 k0408895
  k0408896 k0408896
range [) k0418867 k0418870 count=3
  k0418867 k0418867
  k0418868 k0418868
  k0418869 k0418869
range [) k0428840 k0428843 count=3
  k0428840 k0428840
  k0428841 k0428841
  k0428842 k0428842
range [) k0438813 k0438816 count=3
  k0438813 k0438813
  k0438814 k0438814
  k0438815 k0438815
range [) k0448786 k0448789 count=3
  k0448786 k0448786
  k0448787 k0448787
  k0448788 k0448788
range [) k0458759 k0458762 count=3
  k0458759 k0458759
  k0458760 k0458760
  k0458761 k0458761
range [) k0468732 k0468735 count=3
  k0468732 k0468732
  k0468733 k0468733
  k0468734 k0468734
range [) k0478705 k0478708 count=3
  k0478705 k0478705
  k0478706 k0478706
  k0478707 k0478707
range [) k0488678 k0488681 count=3
  k0488678 k0488678
  k0488679 k0488679
  k0488680 k0488680
range [) k0498651 k0498654 count=3
  k0498651 k0498651
  k0498652 k0498652
  k0498653 k0498653
range [) k0508624 k0508627 count=3
  k0508624 k0508624
  k0508625 k0508625
  k0508626 k0508626
range [) k0518597 k0518600 count=3
  k0518597 k0518597
  k0518598 k0518598
  k0518599 k0518599
range [) k0528570 k0528573 count=3
  k0528570 k0528570
  k0528571 k0528571
  k0528572 k0528572
range [) k0538543 k0538546 count=3
  k0538543 k0538543
  k0538544 k0538544
  k0538545 k0538545
range [) k0548516 k0548519 count=3
  k0548516 k0548516
  k0548517 k0548517
  k0548518 k0548518
range [) k0558489 k0558492 count=3
  k0558489 k0558489
  k0558490 k0558490
  k0558491 k0558491
range [) k0568462 k0568465 count=3
  k0568462 k0568462
  k0568463 k0568463
  k0568464 k0568464
range [) k0578435 k0578438 count=3
  k0578435 k0578435
  k0578436 k0578436
  k0578437 k0578437
range [) k0588408 k0588411 count=3
  k0588408 k0588408
  k0588409 k0588409
  k0588410 k0588410
range [) k0598381 k0598384 count=3
  k0598381 k0598381
  k0598382 k0598382
  k0598383 k0598383
range [) k0608354 k0608357 count=3
  k0608354 k0608354
  k0608355 k0608355
  k0608356 k0608356
range [) k0618327 k0618330 count=3
  k0618327 k0618327
  k0618328 k0618328
  k0618329 k0618329
range [) k0628300 k0628303 count=3
  k0628300 k0628300
  k0628301 k0628301
  k0628302 k0628302
range [) k0638273 k0638276 count=3
  k0638273 k0638273
  k0638274 k0638274
  k0638275 k0638275
range [) k0648246 k0648249 count=3
  k0648246 k0648246
  k0648247 k0648247
  k0648248 k0648248
range [) k0658219 k0658222 count=3
  k0658219 k0658219
  k0658220 k0658220
  k0658221 k0658221
range [) k0668192 k0668195 count=3
  k0668192 k0668192
  k0668193 k0668193
  k0668194 k0668194
range [) k0678165 k0678168 count=3
  k0678165 k0678165
  k0678166 k0678166
  k0678167 k0678167
range [) k0688138 k0688141 count=3
  k0688138 k0688138
  k0688139 k0688139
  k0688140 k0688140
range [) k0698111 k0698114 count=3
  k0698111 k0698111
  k0698112 k0698112
  k0698113 k0698113
range [) k0708084 k0708087 count=3
  k0708084 k0708084
  k0708085 k0708085
  k0708086 k0708086
range [) k0718057 k0718060 count=3
  k0718057 k0718057
  k0718058 k0718058
  k0718059 k0718059
range [) k0728030 k0728033 count=3
  k0728030 k0728030
  k0728031 k0728031
  k0728032 k0728032
range [) k0738003 k0738006 count=3
  k0738003 k0738003
  k0738004 k0738004
  k0738005 k0738005
range [) k0747976 k0747979 count=3
  k0747976 k0747976
  k0747977 k0747977
  k0747978 k0747978
range [) k0757949 k0757952 count=3
  k0757949 k0757949
  k0757950 k0757950
  k0757951 k0757951
range [) k0767922 k0767925 count=3
  k0767922 k0767922
  k0767923 k0767923
  k0767924 k0767924
range [) k0777895 k0777898 count=3
  k0777895 k0777895
  k0777896 k0777896
  k0777897 k0777897
range [) k0787868 k0787871 count=3
  k0787868 k0787868
  k0787869 k0787869
  k0787870 k0787870
range [) k0797841 k0797844 count=3
  k0797841 k0797841
  k0797842 k0797842
  k0797843 k0797843
range [) k0807814 k0807817 count=3
  k0807814 k0807814
  k0807815 k0807815
  k0807816 k0807816
range [) k0817787 k0817790 count=3
  k0817787 k0817787
  k0817788 k0817788
  k0817789 k0817789
range [) k0827760 k0827763 count=3
  k0827760 k0827760
  k0827761 k0827761
  k0827762 k0827762
range [) k0837733 k0837736 count=3
  k0837733 k0837733
  k0837734 k0837734
  k0837735 k0837735
range [) k0847706 k0847709 count=3
  k0847706 k0847706
  k0847707 k0847707
  k0847708 k0847708
range [) k0857679 k0857682 count=3
  k0857679 k0857679
  k0857680 k0857680
  k0857681 k0857681
range [) k0867652 k0867655 count=3
  k0867652 k0867652
  k0867653 k0867653
  k0867654 k0867654
range [) k0877625 k0877628 count=3
  k0877625 k0877625
  k0877626 k0877626
  k0877627 k0877627
range [) k0887598 k0887601 count=3
  k0887598 k0887598
  k0887599 k0887599
  k0887600 k0887600
range [) k0897571 k0897574 count=3
  k0897571 k0897571
  k0897572 k0897572
  k0897573 k0897573
range [) k0907544 k0907547 count=3
  k0907544 k0907544
  k0907545 k0907545
  k0907546 k0907546
range [) k0917517 k0917520 count=3
  k0917517 k0917517
  k0917518 k0917518
  k0917519 k0917519
range [) k0927490 k0927493 count=3
  k0927490 k0927490
  k0927491 k0927491
  k0927492 k0927492
range [) k0937463 k0937466 count=3
  k0937463 k0937463
  k0937464 k0937464
  k0937465 k0937465
range [) k0947436 k0947439 count=3
  k0947436 k0947436
  k0947437 k0947437
  k0947438 k0947438
range [) k0957409 k0957412 count=3
  k0957409 k0957409
  k0957410 k0957410
  k0957411 k0957411
range [) k0967382 k0967385 count=3
  k0967382 k0967382
  k0967383 k0967383
  k0967384 k0967384
range [) k0977355 k0977358 count=3
  k0977355 k0977355
  k0977356 k0977356
  k0977357 k0977357
range [) k0987328 k0987331 count=3
  k0987328 k0987328
  k0987329 k0987329
  k0987330 k0987330
walk size=1000000
step k0000001 k0000001
step k0000002 k0000002
step k0000003 k0000003
set k0000001 w1 size=1000000 changed=1 walk=stale
error E_ITER_STALE op=set key=k0000001
walk size=1000000
step k0000001 w1
step k0000002 k0000002
range [) k0500000 k0500010 count=10
  k0500000 k0500000
  k0500001 k0500001
  k0500002 k0500002
  k0500003 k0500003
  k0500004 k0500004
  k0500005 k0500005
  k0500006 k0500006
  k0500007 k0500007
  k0500008 k0500008
  k0500009 k0500009
